base referer
rect $classSAMRAI_1_1pdat_1_1CellComplexLinearTimeInterpolateOp.html 378,7 762,31
rect $classSAMRAI_1_1pdat_1_1CellDoubleLinearTimeInterpolateOp.html 383,55 756,79
rect $classSAMRAI_1_1pdat_1_1CellFloatLinearTimeInterpolateOp.html 390,103 750,127
rect $classSAMRAI_1_1pdat_1_1EdgeComplexLinearTimeInterpolateOp.html 374,151 766,175
rect $classSAMRAI_1_1pdat_1_1EdgeDoubleLinearTimeInterpolateOp.html 379,199 760,223
rect $classSAMRAI_1_1pdat_1_1EdgeFloatLinearTimeInterpolateOp.html 384,247 755,271
rect $classSAMRAI_1_1pdat_1_1FaceComplexLinearTimeInterpolateOp.html 375,295 764,319
rect $classSAMRAI_1_1pdat_1_1FaceDoubleLinearTimeInterpolateOp.html 380,343 759,367
rect $classSAMRAI_1_1pdat_1_1FaceFloatLinearTimeInterpolateOp.html 386,391 754,415
rect $classSAMRAI_1_1pdat_1_1NodeComplexLinearTimeInterpolateOp.html 374,439 766,463
rect $classSAMRAI_1_1pdat_1_1NodeDoubleLinearTimeInterpolateOp.html 379,487 760,511
rect $classSAMRAI_1_1pdat_1_1NodeFloatLinearTimeInterpolateOp.html 384,535 755,559
rect $classSAMRAI_1_1pdat_1_1OuterfaceComplexLinearTimeInterpolateOp.html 359,583 780,607
rect $classSAMRAI_1_1pdat_1_1OuterfaceDoubleLinearTimeInterpolateOp.html 364,631 775,655
rect $classSAMRAI_1_1pdat_1_1OuterfaceFloatLinearTimeInterpolateOp.html 371,679 768,703
rect $classSAMRAI_1_1pdat_1_1OutersideComplexLinearTimeInterpolateOp.html 360,727 779,751
rect $classSAMRAI_1_1pdat_1_1OutersideDoubleLinearTimeInterpolateOp.html 366,775 774,799
rect $classSAMRAI_1_1pdat_1_1OutersideFloatLinearTimeInterpolateOp.html 372,823 767,847
rect $classSAMRAI_1_1pdat_1_1SideComplexLinearTimeInterpolateOp.html 376,871 763,895
rect $classSAMRAI_1_1pdat_1_1SideDoubleLinearTimeInterpolateOp.html 380,919 759,943
rect $classSAMRAI_1_1pdat_1_1SideFloatLinearTimeInterpolateOp.html 387,967 752,991
