base referer
rect $classSAMRAI_1_1pdat_1_1CellVariable.html 287,158 519,182
rect $classSAMRAI_1_1pdat_1_1CellVariable.html 927,100 1180,124
rect $classSAMRAI_1_1pdat_1_1CellVariable.html 913,186 1193,210
rect $classSAMRAI_1_1pdat_1_1EdgeVariable.html 283,256 523,280
rect $classSAMRAI_1_1pdat_1_1FaceVariable.html 283,304 523,328
rect $classSAMRAI_1_1pdat_1_1IndexVariable.html 281,352 524,376
rect $classSAMRAI_1_1pdat_1_1IndexVariable.html 835,379 1272,403
rect $classSAMRAI_1_1pdat_1_1NodeVariable.html 281,451 524,475
rect $classSAMRAI_1_1pdat_1_1NodeVariable.html 921,478 1185,502
rect $classSAMRAI_1_1pdat_1_1OuteredgeVariable.html 267,550 539,574
rect $classSAMRAI_1_1pdat_1_1OuterfaceVariable.html 268,598 537,622
rect $classSAMRAI_1_1pdat_1_1OuternodeVariable.html 267,646 539,670
rect $classSAMRAI_1_1pdat_1_1OutersideVariable.html 269,694 536,718
rect $classSAMRAI_1_1pdat_1_1OutersideVariable.html 896,720 1211,744
rect $classSAMRAI_1_1pdat_1_1SideVariable.html 284,792 521,816
rect $classSAMRAI_1_1pdat_1_1SideVariable.html 912,818 1195,842
