base referer
rect $classSAMRAI_1_1pdat_1_1CellVariable.html 287,83 519,107
rect $classSAMRAI_1_1pdat_1_1CellVariable.html 839,26 1093,50
rect $classSAMRAI_1_1pdat_1_1CellVariable.html 826,111 1106,135
rect $classSAMRAI_1_1pdat_1_1EdgeVariable.html 283,182 523,206
rect $classSAMRAI_1_1pdat_1_1FaceVariable.html 283,230 523,254
rect $classSAMRAI_1_1pdat_1_1IndexVariable.html 282,278 525,302
rect $classSAMRAI_1_1pdat_1_1IndexVariable.html 777,305 1155,329
rect $classSAMRAI_1_1pdat_1_1NodeVariable.html 282,377 525,401
rect $classSAMRAI_1_1pdat_1_1NodeVariable.html 834,403 1098,427
rect $classSAMRAI_1_1pdat_1_1OuteredgeVariable.html 267,475 539,499
rect $classSAMRAI_1_1pdat_1_1OuterfaceVariable.html 269,523 538,547
rect $classSAMRAI_1_1pdat_1_1OuternodeVariable.html 267,571 539,595
rect $classSAMRAI_1_1pdat_1_1OutersideVariable.html 270,619 537,643
rect $classSAMRAI_1_1pdat_1_1OutersideVariable.html 809,646 1123,670
rect $classSAMRAI_1_1pdat_1_1SideVariable.html 285,718 522,742
rect $classSAMRAI_1_1pdat_1_1SideVariable.html 825,743 1107,767
