base referer
rect $classSAMRAI_1_1geom_1_1CartesianCellComplexWeightedAverage.html 335,7 740,31
rect $classSAMRAI_1_1geom_1_1CartesianCellDoubleWeightedAverage.html 340,55 735,79
rect $classSAMRAI_1_1geom_1_1CartesianCellFloatWeightedAverage.html 345,103 729,127
rect $classSAMRAI_1_1geom_1_1CartesianEdgeComplexWeightedAverage.html 331,151 744,175
rect $classSAMRAI_1_1geom_1_1CartesianEdgeDoubleWeightedAverage.html 336,199 739,223
rect $classSAMRAI_1_1geom_1_1CartesianEdgeFloatWeightedAverage.html 341,247 733,271
rect $classSAMRAI_1_1geom_1_1CartesianFaceComplexWeightedAverage.html 331,295 744,319
rect $classSAMRAI_1_1geom_1_1CartesianFaceDoubleWeightedAverage.html 336,343 739,367
rect $classSAMRAI_1_1geom_1_1CartesianFaceFloatWeightedAverage.html 343,391 732,415
rect $classSAMRAI_1_1geom_1_1CartesianOuterfaceComplexWeightedAverage.html 316,439 759,463
rect $classSAMRAI_1_1geom_1_1CartesianOuterfaceDoubleWeightedAverage.html 321,487 753,511
rect $classSAMRAI_1_1geom_1_1CartesianOuterfaceFloatWeightedAverage.html 328,535 747,559
rect $classSAMRAI_1_1geom_1_1CartesianOutersideDoubleWeightedAverage.html 323,583 752,607
rect $classSAMRAI_1_1geom_1_1CartesianSideComplexWeightedAverage.html 332,631 743,655
rect $classSAMRAI_1_1geom_1_1CartesianSideDoubleWeightedAverage.html 337,679 737,703
rect $classSAMRAI_1_1geom_1_1CartesianSideFloatWeightedAverage.html 344,727 731,751
rect $classSAMRAI_1_1geom_1_1SkeletonCoarsen.html 403,775 672,799
rect $classSAMRAI_1_1pdat_1_1NodeComplexInjection.html 389,823 685,847
rect $classSAMRAI_1_1pdat_1_1NodeDoubleInjection.html 395,871 680,895
rect $classSAMRAI_1_1pdat_1_1NodeFloatInjection.html 401,919 673,943
rect $classSAMRAI_1_1pdat_1_1NodeIntegerInjection.html 395,967 680,991
rect $classSAMRAI_1_1pdat_1_1OuternodeDoubleConstantCoarsen.html 352,1015 723,1039
