base referer
rect $classSAMRAI_1_1geom_1_1CartesianCellComplexConservativeLinearRefine.html 307,12 760,36
rect $classSAMRAI_1_1geom_1_1CartesianCellComplexLinearRefine.html 345,60 721,84
rect $classSAMRAI_1_1geom_1_1CartesianCellDoubleConservativeLinearRefine.html 312,108 755,132
rect $classSAMRAI_1_1geom_1_1CartesianCellDoubleLinearRefine.html 351,156 716,180
rect $classSAMRAI_1_1geom_1_1CartesianCellFloatConservativeLinearRefine.html 317,204 749,228
rect $classSAMRAI_1_1geom_1_1CartesianCellFloatLinearRefine.html 356,252 711,276
rect $classSAMRAI_1_1geom_1_1CartesianEdgeDoubleConservativeLinearRefine.html 308,300 759,324
rect $classSAMRAI_1_1geom_1_1CartesianEdgeFloatConservativeLinearRefine.html 313,348 753,372
rect $classSAMRAI_1_1geom_1_1CartesianFaceDoubleConservativeLinearRefine.html 308,396 759,420
rect $classSAMRAI_1_1geom_1_1CartesianFaceFloatConservativeLinearRefine.html 315,444 752,468
rect $classSAMRAI_1_1geom_1_1CartesianNodeComplexLinearRefine.html 340,492 727,516
rect $classSAMRAI_1_1geom_1_1CartesianNodeDoubleLinearRefine.html 345,540 721,564
rect $classSAMRAI_1_1geom_1_1CartesianNodeFloatLinearRefine.html 352,588 715,612
rect $classSAMRAI_1_1geom_1_1CartesianSideDoubleConservativeLinearRefine.html 309,636 757,660
rect $classSAMRAI_1_1geom_1_1CartesianSideFloatConservativeLinearRefine.html 316,684 751,708
rect $classSAMRAI_1_1geom_1_1SkeletonRefine.html 404,732 663,756
rect $classSAMRAI_1_1pdat_1_1CellComplexConstantRefine.html 369,780 697,804
rect $classSAMRAI_1_1pdat_1_1CellDoubleConstantRefine.html 375,828 692,852
rect $classSAMRAI_1_1pdat_1_1CellFloatConstantRefine.html 380,876 687,900
rect $classSAMRAI_1_1pdat_1_1CellIntegerConstantRefine.html 375,924 692,948
rect $classSAMRAI_1_1pdat_1_1EdgeComplexConstantRefine.html 365,972 701,996
rect $classSAMRAI_1_1pdat_1_1EdgeDoubleConstantRefine.html 371,1020 696,1044
rect $classSAMRAI_1_1pdat_1_1EdgeFloatConstantRefine.html 376,1068 691,1092
rect $classSAMRAI_1_1pdat_1_1EdgeIntegerConstantRefine.html 371,1116 696,1140
rect $classSAMRAI_1_1pdat_1_1FaceComplexConstantRefine.html 367,1164 700,1188
rect $classSAMRAI_1_1pdat_1_1FaceDoubleConstantRefine.html 372,1212 695,1236
rect $classSAMRAI_1_1pdat_1_1FaceFloatConstantRefine.html 377,1260 689,1284
rect $classSAMRAI_1_1pdat_1_1FaceIntegerConstantRefine.html 372,1308 695,1332
rect $classSAMRAI_1_1pdat_1_1OuterfaceComplexConstantRefine.html 351,1356 716,1380
rect $classSAMRAI_1_1pdat_1_1OuterfaceDoubleConstantRefine.html 356,1404 711,1428
rect $classSAMRAI_1_1pdat_1_1OuterfaceFloatConstantRefine.html 363,1452 704,1476
rect $classSAMRAI_1_1pdat_1_1OuterfaceIntegerConstantRefine.html 356,1500 711,1524
rect $classSAMRAI_1_1pdat_1_1SideComplexConstantRefine.html 367,1548 700,1572
rect $classSAMRAI_1_1pdat_1_1SideDoubleConstantRefine.html 372,1596 695,1620
rect $classSAMRAI_1_1pdat_1_1SideFloatConstantRefine.html 379,1644 688,1668
rect $classSAMRAI_1_1pdat_1_1SideIntegerConstantRefine.html 372,1692 695,1716
