base referer
rect $classSAMRAI_1_1geom_1_1CartesianCellComplexConservativeLinearRefine.html 308,8 761,32
rect $classSAMRAI_1_1geom_1_1CartesianCellComplexLinearRefine.html 346,56 722,80
rect $classSAMRAI_1_1geom_1_1CartesianCellDoubleConservativeLinearRefine.html 313,104 756,128
rect $classSAMRAI_1_1geom_1_1CartesianCellDoubleLinearRefine.html 352,152 717,176
rect $classSAMRAI_1_1geom_1_1CartesianCellFloatConservativeLinearRefine.html 318,200 750,224
rect $classSAMRAI_1_1geom_1_1CartesianCellFloatLinearRefine.html 357,248 712,272
rect $classSAMRAI_1_1geom_1_1CartesianEdgeDoubleConservativeLinearRefine.html 308,296 761,320
rect $classSAMRAI_1_1geom_1_1CartesianEdgeFloatConservativeLinearRefine.html 314,344 754,368
rect $classSAMRAI_1_1geom_1_1CartesianFaceDoubleConservativeLinearRefine.html 309,392 760,416
rect $classSAMRAI_1_1geom_1_1CartesianFaceFloatConservativeLinearRefine.html 316,440 753,464
rect $classSAMRAI_1_1geom_1_1CartesianNodeComplexLinearRefine.html 341,488 728,512
rect $classSAMRAI_1_1geom_1_1CartesianNodeDoubleLinearRefine.html 346,536 722,560
rect $classSAMRAI_1_1geom_1_1CartesianNodeFloatLinearRefine.html 353,584 716,608
rect $classSAMRAI_1_1geom_1_1CartesianSideDoubleConservativeLinearRefine.html 310,632 758,656
rect $classSAMRAI_1_1geom_1_1CartesianSideFloatConservativeLinearRefine.html 317,680 752,704
rect $classSAMRAI_1_1geom_1_1SkeletonRefine.html 405,728 664,752
rect $classSAMRAI_1_1pdat_1_1CellComplexConstantRefine.html 370,776 698,800
rect $classSAMRAI_1_1pdat_1_1CellDoubleConstantRefine.html 376,824 693,848
rect $classSAMRAI_1_1pdat_1_1CellFloatConstantRefine.html 381,872 688,896
rect $classSAMRAI_1_1pdat_1_1CellIntegerConstantRefine.html 376,920 693,944
rect $classSAMRAI_1_1pdat_1_1EdgeComplexConstantRefine.html 366,968 702,992
rect $classSAMRAI_1_1pdat_1_1EdgeDoubleConstantRefine.html 370,1016 698,1040
rect $classSAMRAI_1_1pdat_1_1EdgeFloatConstantRefine.html 377,1064 692,1088
rect $classSAMRAI_1_1pdat_1_1EdgeIntegerConstantRefine.html 372,1112 697,1136
rect $classSAMRAI_1_1pdat_1_1FaceComplexConstantRefine.html 366,1160 702,1184
rect $classSAMRAI_1_1pdat_1_1FaceDoubleConstantRefine.html 372,1208 697,1232
rect $classSAMRAI_1_1pdat_1_1FaceFloatConstantRefine.html 378,1256 690,1280
rect $classSAMRAI_1_1pdat_1_1FaceIntegerConstantRefine.html 372,1304 697,1328
rect $classSAMRAI_1_1pdat_1_1OuterfaceComplexConstantRefine.html 352,1352 717,1376
rect $classSAMRAI_1_1pdat_1_1OuterfaceDoubleConstantRefine.html 357,1400 712,1424
rect $classSAMRAI_1_1pdat_1_1OuterfaceFloatConstantRefine.html 364,1448 705,1472
rect $classSAMRAI_1_1pdat_1_1OuterfaceIntegerConstantRefine.html 357,1496 712,1520
rect $classSAMRAI_1_1pdat_1_1SideComplexConstantRefine.html 368,1544 701,1568
rect $classSAMRAI_1_1pdat_1_1SideDoubleConstantRefine.html 373,1592 696,1616
rect $classSAMRAI_1_1pdat_1_1SideFloatConstantRefine.html 380,1640 689,1664
rect $classSAMRAI_1_1pdat_1_1SideIntegerConstantRefine.html 373,1688 696,1712
