base referer
rect $classSAMRAI_1_1geom_1_1CartesianCellComplexWeightedAverage.html 336,8 741,32
rect $classSAMRAI_1_1geom_1_1CartesianCellDoubleWeightedAverage.html 341,56 736,80
rect $classSAMRAI_1_1geom_1_1CartesianCellFloatWeightedAverage.html 346,104 730,128
rect $classSAMRAI_1_1geom_1_1CartesianEdgeComplexWeightedAverage.html 332,152 745,176
rect $classSAMRAI_1_1geom_1_1CartesianEdgeDoubleWeightedAverage.html 336,200 741,224
rect $classSAMRAI_1_1geom_1_1CartesianEdgeFloatWeightedAverage.html 342,248 734,272
rect $classSAMRAI_1_1geom_1_1CartesianFaceComplexWeightedAverage.html 332,296 745,320
rect $classSAMRAI_1_1geom_1_1CartesianFaceDoubleWeightedAverage.html 337,344 740,368
rect $classSAMRAI_1_1geom_1_1CartesianFaceFloatWeightedAverage.html 344,392 733,416
rect $classSAMRAI_1_1geom_1_1CartesianOuterfaceComplexWeightedAverage.html 317,440 760,464
rect $classSAMRAI_1_1geom_1_1CartesianOuterfaceDoubleWeightedAverage.html 322,488 754,512
rect $classSAMRAI_1_1geom_1_1CartesianOuterfaceFloatWeightedAverage.html 329,536 748,560
rect $classSAMRAI_1_1geom_1_1CartesianOutersideDoubleWeightedAverage.html 322,584 754,608
rect $classSAMRAI_1_1geom_1_1CartesianSideComplexWeightedAverage.html 333,632 744,656
rect $classSAMRAI_1_1geom_1_1CartesianSideDoubleWeightedAverage.html 338,680 738,704
rect $classSAMRAI_1_1geom_1_1CartesianSideFloatWeightedAverage.html 345,728 732,752
rect $classSAMRAI_1_1geom_1_1SkeletonCoarsen.html 402,776 674,800
rect $classSAMRAI_1_1pdat_1_1NodeComplexConstantAverage.html 364,824 713,848
rect $classSAMRAI_1_1pdat_1_1NodeDoubleConstantAverage.html 369,872 708,896
rect $classSAMRAI_1_1pdat_1_1NodeFloatConstantAverage.html 376,920 701,944
rect $classSAMRAI_1_1pdat_1_1NodeIntegerConstantAverage.html 369,968 708,992
rect $classSAMRAI_1_1pdat_1_1OuternodeDoubleConstantCoarsen.html 353,1016 724,1040
